vedan@DESKTOP-B2QU7KJ MINGW64 /d/SI_Lab1
$ git init
Initialized empty Git repository in D:/SI_Lab1/.git/

vedan@DESKTOP-B2QU7KJ MINGW64 /d/SI_Lab1 (master)
$ git remote add origin https://github.com/VedaNarashanova/SI_2023_lab1_213039_.git

vedan@DESKTOP-B2QU7KJ MINGW64 /d/SI_Lab1 (master)
$ git status
On branch master

No commits yet

Untracked files:
  (use "git add <file>..." to include in what will be committed)
        README.md

nothing added to commit but untracked files present (use "git add" to track)
git
vedan@DESKTOP-B2QU7KJ MINGW64 /d/SI_Lab1 (master)
$ git add .
g
vedan@DESKTOP-B2QU7KJ MINGW64 /d/SI_Lab1 (master)
$ git commit -m "Initial commit"
[master (root-commit) 8b42d95] Initial commit
 1 file changed, 1 insertion(+)
 create mode 100644 README.md

vedan@DESKTOP-B2QU7KJ MINGW64 /d/SI_Lab1 (master)
$ git status
On branch master
Untracked files:
  (use "git add <file>..." to include in what will be committed)
        SILab1.java

nothing added to commit but untracked files present (use "git add" to track)
g
vedan@DESKTOP-B2QU7KJ MINGW64 /d/SI_Lab1 (master)
$ git add .
gi
vedan@DESKTOP-B2QU7KJ MINGW64 /d/SI_Lab1 (master)
$ git commit -m "Add java class"
[master 7c006fc] Add java class
 1 file changed, 41 insertions(+)
 create mode 100644 SILab1.java

vedan@DESKTOP-B2QU7KJ MINGW64 /d/SI_Lab1 (master)
$ git push origin master
Enumerating objects: 6, done.
Counting objects: 100% (6/6), done.
Delta compression using up to 8 threads
Compressing objects: 100% (5/5), done.
Writing objects: 100% (6/6), 864 bytes | 432.00 KiB/s, done.
Total 6 (delta 0), reused 0 (delta 0), pack-reused 0
To https://github.com/VedaNarashanova/SI_2023_lab1_213039_.git
 * [new branch]      master -> master

vedan@DESKTOP-B2QU7KJ MINGW64 /d/SI_Lab1 (master)
$ git checkout -b bug1
Switched to a new branch 'bug1'

vedan@DESKTOP-B2QU7KJ MINGW64 /d/SI_Lab1 (bug1)
$ git checkout -b bug2
Switched to a new branch 'bug2'

vedan@DESKTOP-B2QU7KJ MINGW64 /d/SI_Lab1 (bug2)
$ git checkout -b bug3
Switched to a new branch 'bug3'

vedan@DESKTOP-B2QU7KJ MINGW64 /d/SI_Lab1 (bug3)
$ git checkout bug1
Switched to branch 'bug1'

vedan@DESKTOP-B2QU7KJ MINGW64 /d/SI_Lab1 (bug1)
$ git status
On branch bug1
Changes not staged for commit:
  (use "git add <file>..." to update what will be committed)
  (use "git restore <file>..." to discard changes in working directory)
        modified:   SILab1.java

no changes added to commit (use "git add" and/or "git commit -a")

vedan@DESKTOP-B2QU7KJ MINGW64 /d/SI_Lab1 (bug1)
$ git add .
gi
vedan@DESKTOP-B2QU7KJ MINGW64 /d/SI_Lab1 (bug1)
$ git commit -m "Fix wrong loop for reading"
[bug1 e0c34b0] Fix wrong loop for reading
 1 file changed, 1 insertion(+), 1 deletion(-)

vedan@DESKTOP-B2QU7KJ MINGW64 /d/SI_Lab1 (bug1)
$ git checkout bug2
Switched to branch 'bug2'

vedan@DESKTOP-B2QU7KJ MINGW64 /d/SI_Lab1 (bug2)
$ git status
On branch bug2
Changes not staged for commit:
  (use "git add <file>..." to update what will be committed)
  (use "git restore <file>..." to discard changes in working directory)
        modified:   SILab1.java

no changes added to commit (use "git add" and/or "git commit -a")

vedan@DESKTOP-B2QU7KJ MINGW64 /d/SI_Lab1 (bug2)
$ git add .
g
vedan@DESKTOP-B2QU7KJ MINGW64 /d/SI_Lab1 (bug2)
$ git commit -m "Fix wrong condition in filterOddNumbers"
[bug2 cd7d14a] Fix wrong condition in filterOddNumbers
 1 file changed, 1 insertion(+), 1 deletion(-)
gi
vedan@DESKTOP-B2QU7KJ MINGW64 /d/SI_Lab1 (bug2)
$ git status
On branch bug2
nothing to commit, working tree clean

vedan@DESKTOP-B2QU7KJ MINGW64 /d/SI_Lab1 (bug2)
$ git checkout bug 3
error: pathspec 'bug' did not match any file(s) known to git
error: pathspec '3' did not match any file(s) known to git

vedan@DESKTOP-B2QU7KJ MINGW64 /d/SI_Lab1 (bug2)
$ git checkout bug3
Switched to branch 'bug3'

vedan@DESKTOP-B2QU7KJ MINGW64 /d/SI_Lab1 (bug3)
$ git status
On branch bug3
Changes not staged for commit:
  (use "git add <file>..." to update what will be committed)
  (use "git restore <file>..." to discard changes in working directory)
        modified:   SILab1.java

no changes added to commit (use "git add" and/or "git commit -a")
g
vedan@DESKTOP-B2QU7KJ MINGW64 /d/SI_Lab1 (bug3)
$ git add .
g
vedan@DESKTOP-B2QU7KJ MINGW64 /d/SI_Lab1 (bug3)
$ git commit -m " Fix method sumEvenNumbers"
[bug3 103d790]  Fix method sumEvenNumbers
 1 file changed, 1 insertion(+), 1 deletion(-)
g
vedan@DESKTOP-B2QU7KJ MINGW64 /d/SI_Lab1 (bug3)
$ git push --all
Enumerating objects: 11, done.
Counting objects: 100% (11/11), done.
Delta compression using up to 8 threads
Compressing objects: 100% (9/9), done.
Writing objects: 100% (9/9), 815 bytes | 815.00 KiB/s, done.
Total 9 (delta 5), reused 0 (delta 0), pack-reused 0
remote: Resolving deltas: 100% (5/5), completed with 1 local object.
To https://github.com/VedaNarashanova/SI_2023_lab1_213039_.git
 * [new branch]      bug1 -> bug1
 * [new branch]      bug2 -> bug2
 * [new branch]      bug3 -> bug3

vedan@DESKTOP-B2QU7KJ MINGW64 /d/SI_Lab1 (bug3)
$ git checkout master
Switched to branch 'master'

vedan@DESKTOP-B2QU7KJ MINGW64 /d/SI_Lab1 (master)
$ git merge bug1
Updating 7c006fc..e0c34b0
Fast-forward
 SILab1.java | 2 +-
 1 file changed, 1 insertion(+), 1 deletion(-)

vedan@DESKTOP-B2QU7KJ MINGW64 /d/SI_Lab1 (master)
$ git push origin master
Total 0 (delta 0), reused 0 (delta 0), pack-reused 0
To https://github.com/VedaNarashanova/SI_2023_lab1_213039_.git
   7c006fc..e0c34b0  master -> master

vedan@DESKTOP-B2QU7KJ MINGW64 /d/SI_Lab1 (master)
$ git merge bug2
Auto-merging SILab1.java
Merge made by the 'ort' strategy.
 SILab1.java | 2 +-
 1 file changed, 1 insertion(+), 1 deletion(-)

vedan@DESKTOP-B2QU7KJ MINGW64 /d/SI_Lab1 (master)
$ git push origin master
Enumerating objects: 7, done.
Counting objects: 100% (7/7), done.
Delta compression using up to 8 threads
Compressing objects: 100% (3/3), done.
Writing objects: 100% (3/3), 357 bytes | 357.00 KiB/s, done.
Total 3 (delta 1), reused 0 (delta 0), pack-reused 0
remote: Resolving deltas: 100% (1/1), completed with 1 local object.
To https://github.com/VedaNarashanova/SI_2023_lab1_213039_.git
   e0c34b0..1e2ba5e  master -> master

vedan@DESKTOP-B2QU7KJ MINGW64 /d/SI_Lab1 (master)
$ git checkout bug3
Switched to branch 'bug3'

vedan@DESKTOP-B2QU7KJ MINGW64 /d/SI_Lab1 (bug3)
$ git rebase master
Successfully rebased and updated refs/heads/bug3.

vedan@DESKTOP-B2QU7KJ MINGW64 /d/SI_Lab1 (bug3)
$ git checkout master
Switched to branch 'master'

vedan@DESKTOP-B2QU7KJ MINGW64 /d/SI_Lab1 (master)
$ git merge bug3
Updating 1e2ba5e..bccfa62
Fast-forward
 SILab1.java | 2 +-
 1 file changed, 1 insertion(+), 1 deletion(-)

vedan@DESKTOP-B2QU7KJ MINGW64 /d/SI_Lab1 (master)
$ git push origin --all
Enumerating objects: 5, done.
Counting objects: 100% (5/5), done.
Delta compression using up to 8 threads
Compressing objects: 100% (3/3), done.
Writing objects: 100% (3/3), 336 bytes | 336.00 KiB/s, done.
Total 3 (delta 1), reused 0 (delta 0), pack-reused 0
remote: Resolving deltas: 100% (1/1), completed with 1 local object.
To https://github.com/VedaNarashanova/SI_2023_lab1_213039_.git
   1e2ba5e..bccfa62  master -> master
 ! [rejected]        bug3 -> bug3 (non-fast-forward)
error: failed to push some refs to 'https://github.com/VedaNarashanova/SI_2023_lab1_213039_.git'
hint: Updates were rejected because a pushed branch tip is behind its remote
hint: counterpart. Check out this branch and integrate the remote changes
hint: (e.g. 'git pull ...') before pushing again.
hint: See the 'Note about fast-forwards' in 'git push --help' for details.

vedan@DESKTOP-B2QU7KJ MINGW64 /d/SI_Lab1 (master)
$ git push origin --all --force
Total 0 (delta 0), reused 0 (delta 0), pack-reused 0
To https://github.com/VedaNarashanova/SI_2023_lab1_213039_.git
 + 103d790...bccfa62 bug3 -> bug3 (forced update)

vedan@DE